Implied Alignments for Graph 0
Implied Alignments for Graph 1
Implied Alignments for Graph 2
Implied Alignments for Graph 3
Implied Alignments for Graph 4
Implied Alignments for Graph 5
Implied Alignments for Graph 6
Implied Alignments for Graph 7
Implied Alignments for Graph 8
Implied Alignments for Graph 9
