" ","woman.fastc#0","woman_binary.fasta#0","woman_12Saln.fasta#0","woman-wide_aa.fas#0","woman_cox1aln.fasta#0","woman_cox1_spaced.fastc#0","woman_step.ss#0","woman_allchars.ss#0"
"AlbanianTosk","+","+","+","+","+","+","+","+"
"AncientIonicGreek","+","+","+","+","+","+","+","+"
"ArmenianWestern","+","+","+","+","+","+","+","+"
"Assamese","+","+","+","+","+","+","+","+"
"Cornish","+","+","+","+","+","+","+","+"
"Danish","+","+","+","+","+","+","+","+"
"EasternFrisianSaterland","+","+","+","+","+","+","+","+"
"Faroese","+","+","+","+","+","+","+","+"
"Icelandic","+","+","+","+","+","+","+","+"
"Irish","+","+","+","+","+","+","+","+"
"KolschColognian","+","+","+","+","+","+","+","+"
"Manx","+","+","+","+","+","+","+","+"
"OldPrussian","+","+","+","+","+","+","+","+"
"SanskritVedic","+","+","+","+","+","+","+","+"
"Scots","+","+","+","+","+","+","+","+"
"Yiddish","+","+","+","+","+","+","+","+"
