"Input data contained:"
,"32 terminal taxa"
,"2 input data files"
,"2 character blocks"
,"2 total characters"

"Terminal taxa:"
" ","Alentus","Amblypygid","Americhernus","Aplysia_californica","Aportus","Artemia","Centruoides","Chanbria","Crassostrea_virginica","Gea"
" ","Hadrurus","Helobdella_robusta","Hypochilus","Ilyanassa_obsoleta","Limulus","Lingula_anatina","Littorina_littorea","Lottia_gigantea","Lymnaea_stagnalis","Mastigoproctus"
" ","Mytilus_californianus","Pauroctonus","Perotrochus_lucaya","Rhiphicephalus","Scaphopods","Siphonaria_pectinata","Thelichoris","Thermobius","Venerupis_decussatus","Venerupis_philippinarum"
" ","Vonones","Yoldia_limatula"

"Excluded taxa:"
" ","None"

"Renamed taxa:","New Name","Original Name"
" ","None","None"

"Index","Block","Name","Type","Activity","Weight","Prealigned","Alphabet","TCM"
"0","chel-prealigned.fas#0","chel-prealigned.fas#0","AlignedSlim","active","1.0","prealigned","-,A,C,G,T","[[0],[1,0],[1,1,0],[1,1,1,0],[1,1,1,1,0]]"
"1","metazoa-aa-1.fas#0","metazoa-aa-1.fas#0","AlignedWide","active","1.0","prealigned","-,A,C,D,E,F,G,H,I,K,L,M,N,P,Q,R,S,T,V,W,Y","[[0],[1,0],[1,1,0],[1,1,1,0],[1,1,1,1,0],[1,1,1,1,1,0],[1,1,1,1,1,1,0],[1,1,1,1,1,1,1,0],[1,1,1,1,1,1,1,1,0],[1,1,1,1,1,1,1,1,1,0],[1,1,1,1,1,1,1,1,1,1,0],[1,1,1,1,1,1,1,1,1,1,1,0],[1,1,1,1,1,1,1,1,1,1,1,1,0],[1,1,1,1,1,1,1,1,1,1,1,1,1,0],[1,1,1,1,1,1,1,1,1,1,1,1,1,1,0],[1,1,1,1,1,1,1,1,1,1,1,1,1,1,1,0],[1,1,1,1,1,1,1,1,1,1,1,1,1,1,1,1,0],[1,1,1,1,1,1,1,1,1,1,1,1,1,1,1,1,1,0],[1,1,1,1,1,1,1,1,1,1,1,1,1,1,1,1,1,1,0],[1,1,1,1,1,1,1,1,1,1,1,1,1,1,1,1,1,1,1,0],[1,1,1,1,1,1,1,1,1,1,1,1,1,1,1,1,1,1,1,1,0]]"
