" ","woman.fastc#0","woman_binary.fasta#0","woman_12Saln.fasta#0","woman-wide_aa.fas#0","woman_cox1aln.fasta#0","woman_cox1_spaced.fastc#0","woman_step.ss#0","woman_allchars.ss#0"
"Afrikaans","+","+","+","+","+","+","+","+"
"AlbanianTosk","+","+","+","+","+","+","+","+"
"AncientGreek","+","+","+","+","+","+","+","+"
"AncientIonicGreek","+","+","+","+","+","+","+","+"
"ArmenianEastern","+","+","+","+","+","+","+","+"
"ArmenianWestern","+","+","+","+","+","+","+","+"
"Assamese","+","+","+","+","+","+","+","+"
"Avestan","+","+","+","+","+","+","+","+"
"Breton","+","+","+","+","+","+","+","+"
"CentralFranconianRipuarian","+","+","+","+","+","+","+","+"
"ClassicalArmenian","+","+","+","+","+","+","+","+"
"Cornish","+","+","+","+","+","+","+","+"
"Danish","+","+","+","+","+","+","+","+"
"Dutch","+","+","+","+","+","+","+","+"
"EasternFrisianSaterland","+","+","+","+","+","+","+","+"
"EnglishAmerican","+","+","+","+","+","+","+","+"
"EnglishBritish","+","+","+","+","+","+","+","+"
"Faroese","+","+","+","+","+","+","+","+"
"German","+","+","+","+","+","+","+","+"
"Gothic","+","+","+","+","+","+","+","+"
"GreekModern","+","+","+","+","+","+","+","+"
"Icelandic","+","+","+","+","+","+","+","+"
"Irish","+","+","+","+","+","+","+","+"
"KolschColognian","+","+","+","+","+","+","+","+"
"Latgalian","+","+","+","+","+","+","+","+"
"Latvian","+","+","+","+","+","+","+","+"
"Lithuanian","+","+","+","+","+","+","+","+"
"LowSaxon","+","+","+","+","+","+","+","+"
"Luwian","+","+","+","+","+","+","+","+"
"Luxemburgish","+","+","+","+","+","+","+","+"
"Manx","+","+","+","+","+","+","+","+"
"NorthFrisianOomrang","+","+","+","+","+","+","+","+"
"Norweigan","+","+","+","+","+","+","+","+"
"OldHighGerman","+","+","+","+","+","+","+","+"
"OldIrish","+","+","+","+","+","+","+","+"
"OldPrussian","+","+","+","+","+","+","+","+"
"PennsylvaniaDutch","+","+","+","+","+","+","+","+"
"PharasaGreek","+","+","+","+","+","+","+","+"
"Samogitian","+","+","+","+","+","+","+","+"
"SanskritVedic","+","+","+","+","+","+","+","+"
"SchwyzerdutschSwissGerman","+","+","+","+","+","+","+","+"
"Scots","+","+","+","+","+","+","+","+"
"ScottishGaelic","+","+","+","+","+","+","+","+"
"SouthernTsakonian","+","+","+","+","+","+","+","+"
"Swedish","+","+","+","+","+","+","+","+"
"TocharianA","+","+","+","+","+","+","+","+"
"TocharianB","+","+","+","+","+","+","+","+"
"Welsh","+","+","+","+","+","+","+","+"
"WesternFrisian","+","+","+","+","+","+","+","+"
"Yiddish","+","+","+","+","+","+","+","+"
