(Antarctic_neomeniomorph:1.0,(Cerebratulus_lacteus:1.0,(Euprymna_scolopes:1.0,(Venerupis_decussatus:1.0,(Lingula_anatina:1.0,(Venerupis_philippinarum:1.0,(Mytilus_californianus:1.0,(((Lymnaea_stagnalis:1.0,Solemya:1.0)HTU34:1.0,(Nucula:1.0,(Crassostrea_virginica:1.0,(Lottia_gigantea:1.0,(Yoldia_limatula:1.0,(Helobdella_robusta:1.0,(Greenland_neomeniomorph:1.0,Octopus:1.0)HTU29:1.0)HTU30:1.0)HTU31:1.0)HTU32:1.0)HTU33:1.0)HTU35:1.0)HTU38:1.0,(Nautilus:1.0,(Scaphopods:1.0,(Perotrochus_lucaya:1.0,(Ilyanassa_obsoleta:1.0,(Chaetopleura_apiculata:1.0,(Littorina_littorea:1.0,(Aplysia_californica:1.0,Siphonaria_pectinata:1.0)HTU40:1.0)HTU41:1.0)HTU42:1.0)HTU43:1.0)HTU44:1.0)HTU46:1.0)HTU45:1.0)HTU39:1.0)HTU37:1.0)HTU36:1.0)HTU27:1.0)HTU28:1.0)HTU25:1.0)HTU26:1.0)HTU24[155413.0];
(Antarctic_neomeniomorph:1.0,(Cerebratulus_lacteus:1.0,(Euprymna_scolopes:1.0,(Venerupis_decussatus:1.0,(Lingula_anatina:1.0,(Venerupis_philippinarum:1.0,(Mytilus_californianus:1.0,((Nucula:1.0,((Greenland_neomeniomorph:1.0,Octopus:1.0)HTU33:1.0,((Lymnaea_stagnalis:1.0,Solemya:1.0)HTU31:1.0,(Crassostrea_virginica:1.0,(Lottia_gigantea:1.0,(Helobdella_robusta:1.0,Yoldia_limatula:1.0)HTU29:1.0)HTU30:1.0)HTU32:1.0)HTU34:1.0)HTU35:1.0)HTU38:1.0,(Nautilus:1.0,(Scaphopods:1.0,(Perotrochus_lucaya:1.0,(Ilyanassa_obsoleta:1.0,(Chaetopleura_apiculata:1.0,(Littorina_littorea:1.0,(Aplysia_californica:1.0,Siphonaria_pectinata:1.0)HTU40:1.0)HTU41:1.0)HTU42:1.0)HTU43:1.0)HTU44:1.0)HTU46:1.0)HTU45:1.0)HTU39:1.0)HTU37:1.0)HTU36:1.0)HTU27:1.0)HTU28:1.0)HTU25:1.0)HTU26:1.0)HTU24[155301.0];
(Antarctic_neomeniomorph:1.0,(Euprymna_scolopes:1.0,(Cerebratulus_lacteus:1.0,(Helobdella_robusta:1.0,((Greenland_neomeniomorph:1.0,Octopus:1.0)HTU34:1.0,(Yoldia_limatula:1.0,(Lottia_gigantea:1.0,(Crassostrea_virginica:1.0,(Nucula:1.0,((Lymnaea_stagnalis:1.0,Solemya:1.0)HTU39:1.0,((Nautilus:1.0,(Scaphopods:1.0,(Perotrochus_lucaya:1.0,(Ilyanassa_obsoleta:1.0,(Chaetopleura_apiculata:1.0,(Littorina_littorea:1.0,(Aplysia_californica:1.0,Siphonaria_pectinata:1.0)HTU28:1.0)HTU29:1.0)HTU30:1.0)HTU31:1.0)HTU32:1.0)HTU33:1.0)HTU42:1.0,(Mytilus_californianus:1.0,(Venerupis_philippinarum:1.0,(Lingula_anatina:1.0,Venerupis_decussatus:1.0)HTU46:1.0)HTU45:1.0)HTU44:1.0)HTU43:1.0)HTU41:1.0)HTU40:1.0)HTU38:1.0)HTU37:1.0)HTU36:1.0)HTU35:1.0)HTU26:1.0)HTU27:1.0)HTU25:1.0)HTU24[154314.0];
(Antarctic_neomeniomorph:1.0,(Cerebratulus_lacteus:1.0,(Euprymna_scolopes:1.0,(Venerupis_decussatus:1.0,(Lingula_anatina:1.0,(Venerupis_philippinarum:1.0,(Mytilus_californianus:1.0,((Nucula:1.0,((Greenland_neomeniomorph:1.0,Octopus:1.0)HTU32:1.0,((Lymnaea_stagnalis:1.0,Solemya:1.0)HTU30:1.0,(Crassostrea_virginica:1.0,(Lottia_gigantea:1.0,(Helobdella_robusta:1.0,Yoldia_limatula:1.0)HTU28:1.0)HTU29:1.0)HTU31:1.0)HTU33:1.0)HTU34:1.0)HTU35:1.0,(Nautilus:1.0,(Scaphopods:1.0,((Chaetopleura_apiculata:1.0,Ilyanassa_obsoleta:1.0)HTU25:1.0,(Perotrochus_lucaya:1.0,(Littorina_littorea:1.0,(Aplysia_californica:1.0,Siphonaria_pectinata:1.0)HTU46:1.0)HTU44:1.0)HTU45:1.0)HTU26:1.0)HTU27:1.0)HTU36:1.0)HTU37:1.0)HTU38:1.0)HTU39:1.0)HTU40:1.0)HTU41:1.0)HTU42:1.0)HTU43:1.0)HTU24[152629.0];
(Antarctic_neomeniomorph:1.0,(Euprymna_scolopes:1.0,(Cerebratulus_lacteus:1.0,(Helobdella_robusta:1.0,((Greenland_neomeniomorph:1.0,Octopus:1.0)HTU35:1.0,(Yoldia_limatula:1.0,(Lottia_gigantea:1.0,(Crassostrea_virginica:1.0,(Nucula:1.0,((Lymnaea_stagnalis:1.0,Solemya:1.0)HTU29:1.0,((Scaphopods:1.0,(Nautilus:1.0,(Chaetopleura_apiculata:1.0,((Littorina_littorea:1.0,(Aplysia_californica:1.0,Siphonaria_pectinata:1.0)HTU43:1.0)HTU44:1.0,(Ilyanassa_obsoleta:1.0,Perotrochus_lucaya:1.0)HTU46:1.0)HTU45:1.0)HTU41:1.0)HTU42:1.0)HTU27:1.0,(Mytilus_californianus:1.0,(Venerupis_philippinarum:1.0,(Lingula_anatina:1.0,Venerupis_decussatus:1.0)HTU25:1.0)HTU26:1.0)HTU28:1.0)HTU30:1.0)HTU31:1.0)HTU32:1.0)HTU33:1.0)HTU34:1.0)HTU36:1.0)HTU37:1.0)HTU38:1.0)HTU39:1.0)HTU40:1.0)HTU24[152167.0];
(Antarctic_neomeniomorph:1.0,(Euprymna_scolopes:1.0,(Cerebratulus_lacteus:1.0,(Helobdella_robusta:1.0,(Yoldia_limatula:1.0,(Lottia_gigantea:1.0,(Crassostrea_virginica:1.0,((Lymnaea_stagnalis:1.0,Solemya:1.0)HTU36:1.0,((Greenland_neomeniomorph:1.0,Octopus:1.0)HTU38:1.0,(Nucula:1.0,((Nautilus:1.0,(Scaphopods:1.0,((Chaetopleura_apiculata:1.0,Ilyanassa_obsoleta:1.0)HTU30:1.0,(Perotrochus_lucaya:1.0,(Littorina_littorea:1.0,(Aplysia_californica:1.0,Siphonaria_pectinata:1.0)HTU28:1.0)HTU29:1.0)HTU31:1.0)HTU32:1.0)HTU33:1.0)HTU42:1.0,(Mytilus_californianus:1.0,(Venerupis_philippinarum:1.0,(Lingula_anatina:1.0,Venerupis_decussatus:1.0)HTU46:1.0)HTU45:1.0)HTU44:1.0)HTU43:1.0)HTU41:1.0)HTU40:1.0)HTU39:1.0)HTU37:1.0)HTU35:1.0)HTU34:1.0)HTU26:1.0)HTU27:1.0)HTU25:1.0)HTU24[151483.0];
(Antarctic_neomeniomorph:1.0,(Cerebratulus_lacteus:1.0,(Euprymna_scolopes:1.0,((Scaphopods:1.0,(Nautilus:1.0,(Chaetopleura_apiculata:1.0,((Littorina_littorea:1.0,(Aplysia_californica:1.0,Siphonaria_pectinata:1.0)HTU30:1.0)HTU31:1.0,(Ilyanassa_obsoleta:1.0,Perotrochus_lucaya:1.0)HTU32:1.0)HTU33:1.0)HTU34:1.0)HTU35:1.0)HTU36:1.0,((Mytilus_californianus:1.0,(Venerupis_philippinarum:1.0,(Lingula_anatina:1.0,Venerupis_decussatus:1.0)HTU28:1.0)HTU29:1.0)HTU37:1.0,((Lymnaea_stagnalis:1.0,Solemya:1.0)HTU38:1.0,(Nucula:1.0,(Crassostrea_virginica:1.0,(Lottia_gigantea:1.0,(Yoldia_limatula:1.0,(Helobdella_robusta:1.0,(Greenland_neomeniomorph:1.0,Octopus:1.0)HTU44:1.0)HTU46:1.0)HTU45:1.0)HTU43:1.0)HTU42:1.0)HTU41:1.0)HTU40:1.0)HTU39:1.0)HTU26:1.0)HTU27:1.0)HTU25:1.0)HTU24[150193.0];
(Antarctic_neomeniomorph:1.0,(Cerebratulus_lacteus:1.0,(Euprymna_scolopes:1.0,((Scaphopods:1.0,(Nautilus:1.0,(Chaetopleura_apiculata:1.0,(Ilyanassa_obsoleta:1.0,(Perotrochus_lucaya:1.0,(Littorina_littorea:1.0,(Aplysia_californica:1.0,Siphonaria_pectinata:1.0)HTU43:1.0)HTU44:1.0)HTU46:1.0)HTU45:1.0)HTU41:1.0)HTU42:1.0)HTU36:1.0,((Mytilus_californianus:1.0,(Venerupis_philippinarum:1.0,(Lingula_anatina:1.0,Venerupis_decussatus:1.0)HTU32:1.0)HTU33:1.0)HTU34:1.0,((Lymnaea_stagnalis:1.0,Solemya:1.0)HTU30:1.0,(Nucula:1.0,(Crassostrea_virginica:1.0,(Lottia_gigantea:1.0,(Yoldia_limatula:1.0,(Helobdella_robusta:1.0,(Greenland_neomeniomorph:1.0,Octopus:1.0)HTU25:1.0)HTU26:1.0)HTU27:1.0)HTU28:1.0)HTU29:1.0)HTU31:1.0)HTU35:1.0)HTU37:1.0)HTU38:1.0)HTU39:1.0)HTU40:1.0)HTU24[150193.0];
(Antarctic_neomeniomorph:1.0,(Cerebratulus_lacteus:1.0,(Euprymna_scolopes:1.0,((Scaphopods:1.0,(Nautilus:1.0,(Chaetopleura_apiculata:1.0,((Littorina_littorea:1.0,(Aplysia_californica:1.0,Siphonaria_pectinata:1.0)HTU30:1.0)HTU31:1.0,(Ilyanassa_obsoleta:1.0,Perotrochus_lucaya:1.0)HTU32:1.0)HTU33:1.0)HTU34:1.0)HTU35:1.0)HTU36:1.0,((Mytilus_californianus:1.0,(Venerupis_philippinarum:1.0,(Lingula_anatina:1.0,Venerupis_decussatus:1.0)HTU26:1.0)HTU27:1.0)HTU28:1.0,((Nucula:1.0,(Lymnaea_stagnalis:1.0,Solemya:1.0)HTU25:1.0)HTU29:1.0,(Helobdella_robusta:1.0,((Greenland_neomeniomorph:1.0,Octopus:1.0)HTU43:1.0,(Yoldia_limatula:1.0,(Crassostrea_virginica:1.0,Lottia_gigantea:1.0)HTU46:1.0)HTU45:1.0)HTU44:1.0)HTU41:1.0)HTU42:1.0)HTU37:1.0)HTU38:1.0)HTU39:1.0)HTU40:1.0)HTU24[150065.0];
(Antarctic_neomeniomorph:1.0,(Cerebratulus_lacteus:1.0,(Euprymna_scolopes:1.0,((Scaphopods:1.0,(Nautilus:1.0,(Chaetopleura_apiculata:1.0,((Littorina_littorea:1.0,(Aplysia_californica:1.0,Siphonaria_pectinata:1.0)HTU32:1.0)HTU33:1.0,(Ilyanassa_obsoleta:1.0,Perotrochus_lucaya:1.0)HTU34:1.0)HTU35:1.0)HTU36:1.0)HTU37:1.0)HTU38:1.0,((Nucula:1.0,(Lymnaea_stagnalis:1.0,Solemya:1.0)HTU29:1.0)HTU30:1.0,(Helobdella_robusta:1.0,((Greenland_neomeniomorph:1.0,Octopus:1.0)HTU26:1.0,((Crassostrea_virginica:1.0,Lottia_gigantea:1.0)HTU25:1.0,(Yoldia_limatula:1.0,(Venerupis_philippinarum:1.0,(Mytilus_californianus:1.0,(Lingula_anatina:1.0,Venerupis_decussatus:1.0)HTU45:1.0)HTU46:1.0)HTU43:1.0)HTU44:1.0)HTU27:1.0)HTU28:1.0)HTU31:1.0)HTU39:1.0)HTU40:1.0)HTU41:1.0)HTU42:1.0)HTU24[149950.0];
