(Alentus:59.0,(Aportus:66.5,(Thermobius:77.5,((Vonones:69.0,(Amblypygid:68.5,(Yoldia_limatula:86.0,((Hypochilus:60.0,(Lottia_gigantea:80.0,(Thelichoris:62.5,(Gea:68.0,Perotrochus_lucaya:75.5)HTU47:20.0)HTU48:4.0)HTU49:3.0)HTU50:10.5,((Helobdella_robusta:89.0,(Centruoides:66.5,(Crassostrea_virginica:111.5,(Hadrurus:69.0,(Aplysia_californica:97.5,(Lymnaea_stagnalis:79.0,Pauroctonus:59.5)HTU40:3.5)HTU41:5.0)HTU42:11.5)HTU43:9.0)HTU44:8.0)HTU45:8.5,(Mastigoproctus:67.0,(Ilyanassa_obsoleta:77.0,(Littorina_littorea:76.0,((Mytilus_californianus:83.0,(Chanbria:60.0,(Lingula_anatina:81.5,(Venerupis_decussatus:109.5,Venerupis_philippinarum:82.0)HTU62:6.5)HTU60:5.0)HTU61:6.5)HTU35:31.0,(Limulus:61.5,Siphonaria_pectinata:90.5)HTU36:21.0)HTU37:10.5)HTU38:3.5)HTU39:6.0)HTU46:5.0)HTU51:5.0)HTU52:6.5)HTU53:9.5)HTU54:8.0)HTU55:13.5,(Rhiphicephalus:73.0,(Americhernus:94.0,(Artemia:67.5,Scaphopods:77.0)HTU33:24.0)HTU34:14.5)HTU56:15.0)HTU57:5.0)HTU58:25.0)HTU59:3.0)HTU32[600.0];
(Alentus:59.0,(Aportus:66.5,(Thermobius:77.5,((Rhiphicephalus:73.0,(Americhernus:94.0,(Artemia:67.5,Scaphopods:77.5)HTU53:24.0)HTU54:14.5)HTU55:15.0,(Vonones:69.0,(Amblypygid:69.5,(((Hypochilus:60.0,(Lottia_gigantea:80.0,(Thelichoris:62.5,(Gea:68.0,Perotrochus_lucaya:75.5)HTU44:20.0)HTU45:4.0)HTU46:3.0)HTU47:9.5,(Mastigoproctus:67.0,(Centruoides:66.0,(Helobdella_robusta:89.5,(Pauroctonus:60.5,(Lymnaea_stagnalis:79.5,(Hadrurus:58.5,(Aplysia_californica:87.0,Crassostrea_virginica:104.0)HTU38:4.5)HTU39:14.0)HTU40:11.5)HTU41:11.5)HTU42:9.5)HTU43:10.0)HTU48:7.0)HTU49:6.0,(Yoldia_limatula:86.0,(Ilyanassa_obsoleta:77.5,(Littorina_littorea:76.5,((Limulus:61.5,Siphonaria_pectinata:90.5)HTU34:19.0,((Chanbria:61.0,Mytilus_californianus:80.5)HTU33:4.5,(Lingula_anatina:81.5,(Venerupis_decussatus:109.5,Venerupis_philippinarum:82.0)HTU62:6.5)HTU60:9.0)HTU61:32.0)HTU35:10.0)HTU36:3.5)HTU37:3.5)HTU50:5.5)HTU51:12.0)HTU52:7.0)HTU56:13.5)HTU57:5.0)HTU58:25.0)HTU59:3.0)HTU32[600.0];
(Alentus:59.0,(Aportus:66.5,(Thermobius:77.5,((Rhiphicephalus:73.0,(Americhernus:94.0,(Artemia:67.5,Scaphopods:77.5)HTU52:24.0)HTU53:14.5)HTU54:15.0,(Vonones:69.0,(Amblypygid:69.5,(((Hypochilus:60.0,(Lottia_gigantea:80.0,(Thelichoris:62.5,(Gea:68.0,Perotrochus_lucaya:75.5)HTU43:20.0)HTU44:4.0)HTU45:3.0)HTU46:9.5,(Mastigoproctus:67.0,(Centruoides:66.0,(Helobdella_robusta:89.5,(Pauroctonus:60.5,(Lymnaea_stagnalis:79.5,(Hadrurus:58.5,(Aplysia_californica:87.0,Crassostrea_virginica:104.0)HTU37:4.5)HTU38:14.0)HTU39:11.5)HTU40:11.5)HTU41:9.5)HTU42:10.0)HTU47:7.0)HTU48:6.0,(Yoldia_limatula:86.0,(Ilyanassa_obsoleta:77.5,(Littorina_littorea:76.5,((Limulus:61.5,Siphonaria_pectinata:90.5)HTU33:19.0,(Mytilus_californianus:83.0,(Lingula_anatina:81.5,(Venerupis_decussatus:109.5,(Chanbria:59.5,Venerupis_philippinarum:80.5)HTU62:4.0)HTU61:6.5)HTU59:9.0)HTU60:32.0)HTU34:10.0)HTU35:3.5)HTU36:3.5)HTU49:5.5)HTU50:12.0)HTU51:7.0)HTU55:13.5)HTU56:5.0)HTU57:25.0)HTU58:3.0)HTU32[600.0];
(Alentus:59.0,(Aportus:66.5,(Thermobius:77.5,((Rhiphicephalus:73.0,(Americhernus:94.0,(Artemia:67.5,Scaphopods:78.0)HTU49:24.0)HTU50:14.5)HTU51:15.0,(Vonones:69.0,(Amblypygid:69.5,(((Hypochilus:60.0,(Lottia_gigantea:80.0,(Thelichoris:62.5,(Gea:68.0,Perotrochus_lucaya:75.5)HTU40:20.0)HTU41:4.0)HTU42:3.5)HTU43:9.5,(Mastigoproctus:67.0,(Centruoides:66.0,(Helobdella_robusta:89.5,(Pauroctonus:60.5,(Lymnaea_stagnalis:79.5,(Hadrurus:58.5,(Aplysia_californica:87.0,Crassostrea_virginica:104.0)HTU34:4.5)HTU35:14.0)HTU36:11.5)HTU37:11.5)HTU38:9.5)HTU39:10.0)HTU44:7.0)HTU45:6.0,(Yoldia_limatula:84.5,((Ilyanassa_obsoleta:77.5,Littorina_littorea:76.5)HTU33:4.5,(Limulus:65.0,(Siphonaria_pectinata:104.5,(Mytilus_californianus:83.0,(Chanbria:61.0,(Venerupis_philippinarum:83.0,(Lingula_anatina:82.5,Venerupis_decussatus:111.5)HTU58:4.5)HTU59:4.5)HTU60:7.0)HTU61:23.0)HTU62:11.0)HTU56:10.0)HTU57:3.5)HTU46:6.5)HTU47:12.0)HTU48:7.0)HTU52:13.5)HTU53:5.0)HTU54:25.0)HTU55:3.0)HTU32[600.0];
(Alentus:59.0,(Aportus:66.5,(Thermobius:77.5,((Rhiphicephalus:73.0,(Americhernus:94.0,(Artemia:67.5,Scaphopods:77.0)HTU50:24.0)HTU51:14.5)HTU52:15.0,(Vonones:69.0,(Amblypygid:69.0,(Yoldia_limatula:86.0,((Hypochilus:60.0,(Lottia_gigantea:80.0,(Thelichoris:62.5,(Gea:68.0,Perotrochus_lucaya:75.5)HTU42:20.0)HTU43:4.0)HTU44:3.0)HTU45:10.0,(Helobdella_robusta:91.5,(Mastigoproctus:67.0,(Ilyanassa_obsoleta:76.5,(Littorina_littorea:75.0,(((Mytilus_californianus:83.0,(Chanbria:60.0,(Venerupis_philippinarum:83.0,(Lingula_anatina:82.5,Venerupis_decussatus:111.5)HTU33:4.5)HTU34:4.5)HTU35:7.0)HTU36:33.0,(Limulus:61.5,Siphonaria_pectinata:89.5)HTU37:20.0)HTU38:11.5,(Crassostrea_virginica:113.5,(Centruoides:66.5,(Hadrurus:69.0,(Aplysia_californica:97.5,(Lymnaea_stagnalis:79.5,Pauroctonus:59.0)HTU59:3.0)HTU60:4.5)HTU61:14.0)HTU62:9.0)HTU57:9.0)HTU58:10.0)HTU39:3.0)HTU40:3.5)HTU41:4.5)HTU46:3.5)HTU47:6.5)HTU48:10.0)HTU49:7.5)HTU53:13.5)HTU54:5.0)HTU55:25.0)HTU56:3.0)HTU32[598.0];
(Alentus:59.0,(Aportus:66.5,(Thermobius:77.5,((Rhiphicephalus:73.0,(Americhernus:94.0,(Artemia:67.5,Scaphopods:77.0)HTU49:24.0)HTU50:14.5)HTU51:15.0,(Vonones:69.0,(Amblypygid:69.0,(Yoldia_limatula:86.0,((Hypochilus:60.0,(Lottia_gigantea:80.0,(Thelichoris:62.5,(Gea:68.0,Perotrochus_lucaya:75.5)HTU41:20.0)HTU42:4.0)HTU43:3.0)HTU44:10.0,(Helobdella_robusta:91.5,(Mastigoproctus:67.0,(Ilyanassa_obsoleta:77.0,(Littorina_littorea:75.5,(Crassostrea_virginica:113.5,((Centruoides:66.5,(Hadrurus:69.0,(Aplysia_californica:99.0,(Lymnaea_stagnalis:78.0,Pauroctonus:59.0)HTU33:3.0)HTU34:4.0)HTU35:14.0)HTU36:10.5,(Limulus:66.0,(Siphonaria_pectinata:100.0,((Chanbria:60.0,Mytilus_californianus:80.5)HTU59:4.5,(Lingula_anatina:81.5,(Venerupis_decussatus:109.5,Venerupis_philippinarum:82.0)HTU58:6.5)HTU60:9.0)HTU62:27.5)HTU61:12.0)HTU56:9.5)HTU57:10.0)HTU37:6.0)HTU38:3.0)HTU39:3.0)HTU40:4.5)HTU45:3.5)HTU46:6.5)HTU47:10.0)HTU48:7.5)HTU52:13.5)HTU53:5.0)HTU54:25.0)HTU55:3.0)HTU32[595.0];
(Alentus:59.0,(Aportus:66.5,(Thermobius:77.5,((Rhiphicephalus:73.0,(Americhernus:94.0,(Artemia:67.5,Scaphopods:77.0)HTU49:24.0)HTU50:14.5)HTU51:15.0,(Vonones:69.0,(Amblypygid:69.0,(Yoldia_limatula:86.0,((Hypochilus:60.0,(Lottia_gigantea:80.0,(Thelichoris:62.5,(Gea:68.0,Perotrochus_lucaya:75.5)HTU41:20.0)HTU42:4.0)HTU43:3.0)HTU44:10.0,(Helobdella_robusta:91.5,(Mastigoproctus:67.0,(Ilyanassa_obsoleta:77.0,(Littorina_littorea:75.5,(Crassostrea_virginica:113.5,((Centruoides:66.5,(Hadrurus:69.0,(Aplysia_californica:99.0,(Lymnaea_stagnalis:78.0,Pauroctonus:59.0)HTU33:3.0)HTU34:4.0)HTU35:14.0)HTU36:10.5,(Limulus:66.0,(Siphonaria_pectinata:100.0,(Mytilus_californianus:83.0,(Lingula_anatina:81.5,(Venerupis_decussatus:109.5,(Chanbria:58.5,Venerupis_philippinarum:80.5)HTU58:4.0)HTU59:6.5)HTU60:9.0)HTU62:27.5)HTU61:12.0)HTU56:9.5)HTU57:10.0)HTU37:6.0)HTU38:3.0)HTU39:3.0)HTU40:4.5)HTU45:3.5)HTU46:6.5)HTU47:10.0)HTU48:7.5)HTU52:13.5)HTU53:5.0)HTU54:25.0)HTU55:3.0)HTU32[595.0];
(Alentus:59.0,(Aportus:66.5,(Thermobius:77.5,((Rhiphicephalus:73.0,(Americhernus:94.0,(Artemia:67.5,Scaphopods:77.0)HTU40:24.0)HTU41:14.5)HTU42:15.0,(Vonones:69.0,(Amblypygid:69.0,((Helobdella_robusta:90.5,(Hypochilus:60.0,(Lottia_gigantea:80.0,(Thelichoris:62.5,(Gea:68.0,Perotrochus_lucaya:75.5)HTU33:20.0)HTU34:4.0)HTU35:3.5)HTU36:6.5)HTU37:7.5,(Yoldia_limatula:85.0,(Crassostrea_virginica:114.0,(((Centruoides:67.0,(Hadrurus:69.5,(Aplysia_californica:100.0,(Lymnaea_stagnalis:77.0,Pauroctonus:59.5)HTU54:3.0)HTU55:4.0)HTU56:14.0)HTU57:10.0,(Limulus:66.5,(Siphonaria_pectinata:100.0,(Mytilus_californianus:83.0,(Lingula_anatina:81.5,(Venerupis_decussatus:109.5,(Chanbria:58.5,Venerupis_philippinarum:80.5)HTU49:4.0)HTU50:6.5)HTU51:9.0)HTU52:27.5)HTU53:11.5)HTU58:10.0)HTU59:10.5,(Littorina_littorea:76.0,(Ilyanassa_obsoleta:76.0,Mastigoproctus:61.0)HTU62:3.5)HTU61:11.0)HTU60:6.0)HTU47:2.5)HTU48:5.5)HTU38:12.5)HTU39:7.5)HTU43:13.5)HTU44:5.0)HTU45:25.0)HTU46:3.0)HTU32[594.0];
(Alentus:59.0,(Aportus:66.5,(Thermobius:77.5,((Rhiphicephalus:73.0,(Americhernus:94.0,(Artemia:67.5,Scaphopods:78.0)HTU51:24.0)HTU52:14.5)HTU53:15.0,(Vonones:69.0,(Amblypygid:69.0,(Helobdella_robusta:88.0,(Yoldia_limatula:84.5,(Crassostrea_virginica:114.0,(((Centruoides:67.0,(Hadrurus:69.5,(Aplysia_californica:100.0,(Lymnaea_stagnalis:77.0,Pauroctonus:59.5)HTU39:3.0)HTU40:4.0)HTU41:14.0)HTU42:11.0,(Limulus:66.5,(Siphonaria_pectinata:100.0,(Mytilus_californianus:83.0,(Lingula_anatina:81.5,(Venerupis_decussatus:109.5,(Chanbria:58.5,Venerupis_philippinarum:80.5)HTU34:4.0)HTU35:6.5)HTU36:9.0)HTU37:27.5)HTU38:11.5)HTU43:9.5)HTU44:11.0,(Littorina_littorea:75.5,(Mastigoproctus:67.0,(Ilyanassa_obsoleta:76.5,(Gea:85.0,(Perotrochus_lucaya:74.5,(Thelichoris:62.0,(Hypochilus:59.5,Lottia_gigantea:77.5)HTU62:3.0)HTU61:6.5)HTU60:3.5)HTU58:6.0)HTU59:6.0)HTU33:4.0)HTU45:6.0)HTU46:7.0)HTU47:3.0)HTU48:6.0)HTU49:8.5)HTU50:7.5)HTU54:13.5)HTU55:5.0)HTU56:25.0)HTU57:3.0)HTU32[593.0];
(Alentus:59.0,(Aportus:66.5,(Thermobius:77.5,((Rhiphicephalus:73.0,(Americhernus:94.0,(Artemia:67.5,Scaphopods:78.0)HTU51:24.0)HTU52:14.5)HTU53:15.0,(Vonones:69.0,(Amblypygid:69.0,(Helobdella_robusta:88.0,(Yoldia_limatula:84.5,(Crassostrea_virginica:114.0,(((Centruoides:67.0,(Hadrurus:69.5,(Aplysia_californica:100.0,(Lymnaea_stagnalis:77.0,Pauroctonus:59.5)HTU39:3.0)HTU40:4.0)HTU41:14.0)HTU42:11.0,(Limulus:66.5,(Siphonaria_pectinata:100.0,(Mytilus_californianus:83.0,(Lingula_anatina:81.5,(Venerupis_decussatus:109.5,(Chanbria:58.5,Venerupis_philippinarum:80.5)HTU34:4.0)HTU35:6.5)HTU36:9.0)HTU37:27.5)HTU38:11.5)HTU43:9.5)HTU44:11.0,(Littorina_littorea:75.5,(Ilyanassa_obsoleta:76.5,(Mastigoproctus:67.0,(Perotrochus_lucaya:74.5,(Gea:85.0,(Thelichoris:62.0,(Hypochilus:59.5,Lottia_gigantea:77.5)HTU62:3.0)HTU61:4.5)HTU60:9.0)HTU58:6.0)HTU59:4.0)HTU33:2.5)HTU45:6.0)HTU46:7.0)HTU47:3.0)HTU48:6.0)HTU49:8.5)HTU50:7.5)HTU54:13.5)HTU55:5.0)HTU56:25.0)HTU57:3.0)HTU32[593.0];
