"Input data contained:"
,"41 terminal taxa"
,"4 input data files"
,"4 character blocks"
,"4 total characters"

"Terminal taxa:"
" ","Alentus","Amblypygid","Americhernus","Antarctic_neomeniomorph","Aplysia_californica","Aportus","Artemia","Centruoides","Cerebratulus_lacteus","Chaetopleura_apiculata"
" ","Chanbria","Crassostrea_virginica","Euprymna_scolopes","Gea","Greenland_neomeniomorph","Hadrurus","Helobdella_robusta","Hypochilus","Ilyanassa_obsoleta","Limulus"
" ","Lingula_anatina","Littorina_littorea","Lottia_gigantea","Lymnaea_stagnalis","Mastigoproctus","Mytilus_californianus","Nautilus","Nucula","Octopus","Pauroctonus"
" ","Perotrochus_lucaya","Rhiphicephalus","Scaphopods","Siphonaria_pectinata","Solemya","Thelichoris","Thermobius","Venerupis_decussatus","Venerupis_philippinarum","Vonones"
" ","Yoldia_limatula"

"Excluded taxa:"
" ","None"

"Renamed taxa:","New Name","Original Name"
" ","None","None"

"Index","Block","Name","Type","Activity","Weight","Prealigned","Alphabet","TCM"
"0","chel-prealigned.fas#0","chel-prealigned.fas#0","AlignedSlim","active","1.0","prealigned","-,A,C,G,T","[[0],[1,0],[1,1,0],[1,1,1,0],[1,1,1,1,0]]"
"1","chel_cox1aln.fasta#0","chel_cox1aln.fasta#0","AlignedSlim","active","1.0","prealigned","-,A,C,G,T","[[0],[1,0],[1,1,0],[1,1,1,0],[1,1,1,1,0]]"
"2","metazoa-aa-2.fas#0","metazoa-aa-2.fas#0","AlignedWide","active","1.0","prealigned","-,A,C,D,E,F,G,H,I,K,L,M,N,P,Q,R,S,T,V,W,Y","[[0],[1,0],[1,1,0],[1,1,1,0],[1,1,1,1,0],[1,1,1,1,1,0],[1,1,1,1,1,1,0],[1,1,1,1,1,1,1,0],[1,1,1,1,1,1,1,1,0],[1,1,1,1,1,1,1,1,1,0],[1,1,1,1,1,1,1,1,1,1,0],[1,1,1,1,1,1,1,1,1,1,1,0],[1,1,1,1,1,1,1,1,1,1,1,1,0],[1,1,1,1,1,1,1,1,1,1,1,1,1,0],[1,1,1,1,1,1,1,1,1,1,1,1,1,1,0],[1,1,1,1,1,1,1,1,1,1,1,1,1,1,1,0],[1,1,1,1,1,1,1,1,1,1,1,1,1,1,1,1,0],[1,1,1,1,1,1,1,1,1,1,1,1,1,1,1,1,1,0],[1,1,1,1,1,1,1,1,1,1,1,1,1,1,1,1,1,1,0],[1,1,1,1,1,1,1,1,1,1,1,1,1,1,1,1,1,1,1,0],[1,1,1,1,1,1,1,1,1,1,1,1,1,1,1,1,1,1,1,1,0]]"
"3","metazoa-aa-1.fas#0","metazoa-aa-1.fas#0","AlignedWide","active","1.0","prealigned","-,A,C,D,E,F,G,H,I,K,L,M,N,P,Q,R,S,T,V,W,Y","[[0],[1,0],[1,1,0],[1,1,1,0],[1,1,1,1,0],[1,1,1,1,1,0],[1,1,1,1,1,1,0],[1,1,1,1,1,1,1,0],[1,1,1,1,1,1,1,1,0],[1,1,1,1,1,1,1,1,1,0],[1,1,1,1,1,1,1,1,1,1,0],[1,1,1,1,1,1,1,1,1,1,1,0],[1,1,1,1,1,1,1,1,1,1,1,1,0],[1,1,1,1,1,1,1,1,1,1,1,1,1,0],[1,1,1,1,1,1,1,1,1,1,1,1,1,1,0],[1,1,1,1,1,1,1,1,1,1,1,1,1,1,1,0],[1,1,1,1,1,1,1,1,1,1,1,1,1,1,1,1,0],[1,1,1,1,1,1,1,1,1,1,1,1,1,1,1,1,1,0],[1,1,1,1,1,1,1,1,1,1,1,1,1,1,1,1,1,1,0],[1,1,1,1,1,1,1,1,1,1,1,1,1,1,1,1,1,1,1,0],[1,1,1,1,1,1,1,1,1,1,1,1,1,1,1,1,1,1,1,1,0]]"
