(Alentus:58.5,(Aportus:68.0,(Lottia_gigantea:76.5,((Thermobius:75.5,(((Rhiphicephalus:64.0,(Helobdella_robusta:89.5,Scaphopods:81.5)HTU49:3.0)HTU36:4.5,(Lymnaea_stagnalis:79.5,(Crassostrea_virginica:104.0,(Aplysia_californica:83.0,Siphonaria_pectinata:89.0)HTU53:7.5)HTU51:16.0)HTU50:7.0)HTU47:12.5,(Americhernus:94.0,Artemia:89.0)HTU52:15.0)HTU35:13.0)HTU33:11.0,(Vonones:68.0,(Amblypygid:70.0,(((Gea:85.0,(Hypochilus:60.0,Thelichoris:62.0)HTU39:4.5)HTU42:9.0,((Littorina_littorea:75.5,Mastigoproctus:61.0)HTU43:9.0,(Ilyanassa_obsoleta:76.5,(Yoldia_limatula:80.0,(Mytilus_californianus:84.0,(Centruoides:66.0,(Lingula_anatina:81.0,(Venerupis_decussatus:109.0,(Hadrurus:68.0,(Pauroctonus:58.0,Venerupis_philippinarum:80.5)HTU44:3.5)HTU37:9.5)HTU56:6.5)HTU62:10.5)HTU41:9.0)HTU55:19.0)HTU59:10.0)HTU58:7.0)HTU61:5.0)HTU38:6.0,(Chanbria:69.5,(Limulus:62.0,Perotrochus_lucaya:75.0)HTU60:6.0)HTU40:7.0)HTU54:8.0)HTU45:7.5)HTU48:11.5)HTU57:9.5)HTU34:17.5)HTU46:3.0)HTU32[572.0];
(Alentus:58.5,(Aportus:68.0,(Lottia_gigantea:76.5,((Thermobius:75.5,(((Rhiphicephalus:64.0,(Helobdella_robusta:89.5,Scaphopods:81.5)HTU49:3.0)HTU36:4.5,(Lymnaea_stagnalis:79.5,(Crassostrea_virginica:104.0,(Aplysia_californica:83.0,Siphonaria_pectinata:89.0)HTU53:7.5)HTU51:16.0)HTU50:7.0)HTU47:12.5,(Americhernus:94.0,Artemia:89.0)HTU52:15.0)HTU35:13.0)HTU33:11.0,(Vonones:68.0,(Amblypygid:70.0,((Chanbria:69.5,(Limulus:62.0,Perotrochus_lucaya:75.0)HTU60:6.0)HTU40:6.5,(((Gea:85.0,(Hypochilus:60.0,Thelichoris:62.0)HTU39:4.5)HTU42:9.0,(Littorina_littorea:75.0,Mastigoproctus:61.0)HTU43:9.0)HTU38:5.0,(Ilyanassa_obsoleta:76.5,(Yoldia_limatula:80.0,(Mytilus_californianus:84.0,(Centruoides:67.5,(Lingula_anatina:81.0,(Venerupis_decussatus:109.0,(Hadrurus:68.0,(Pauroctonus:58.0,Venerupis_philippinarum:80.5)HTU44:3.5)HTU37:9.0)HTU56:6.5)HTU62:9.5)HTU41:9.5)HTU55:19.0)HTU59:10.0)HTU58:6.5)HTU61:6.0)HTU54:8.5)HTU45:7.5)HTU48:11.5)HTU57:9.5)HTU34:17.5)HTU46:3.0)HTU32[572.0];
(Alentus:58.5,(Aportus:68.0,(Lottia_gigantea:76.5,((Thermobius:75.5,(((Rhiphicephalus:64.0,(Helobdella_robusta:89.5,Scaphopods:81.5)HTU49:3.0)HTU36:4.5,(Lymnaea_stagnalis:79.5,(Crassostrea_virginica:104.0,(Aplysia_californica:83.0,Siphonaria_pectinata:89.0)HTU53:7.5)HTU51:16.0)HTU50:7.0)HTU47:12.5,(Americhernus:94.0,Artemia:89.0)HTU52:15.0)HTU35:13.0)HTU33:11.0,(Vonones:68.0,(Amblypygid:70.0,(((Gea:85.0,(Hypochilus:60.0,Thelichoris:62.0)HTU39:4.5)HTU42:9.0,(Mastigoproctus:67.0,(Littorina_littorea:75.5,(Ilyanassa_obsoleta:76.5,(Yoldia_limatula:80.0,(Mytilus_californianus:84.0,(Centruoides:66.0,(Lingula_anatina:81.0,(Venerupis_decussatus:109.0,(Hadrurus:68.0,(Pauroctonus:58.0,Venerupis_philippinarum:80.5)HTU44:3.5)HTU37:9.5)HTU56:6.5)HTU62:10.5)HTU41:9.0)HTU55:19.0)HTU59:10.0)HTU58:2.5)HTU61:7.0)HTU43:5.0)HTU38:6.0,(Chanbria:69.5,(Limulus:62.0,Perotrochus_lucaya:75.0)HTU60:6.0)HTU40:7.0)HTU54:8.0)HTU45:7.5)HTU48:11.5)HTU57:9.5)HTU34:17.5)HTU46:3.0)HTU32[572.0];
(Alentus:58.5,(Aportus:68.0,(Lottia_gigantea:76.5,((Thermobius:75.5,(((Scaphopods:81.5,(Helobdella_robusta:81.5,Rhiphicephalus:64.0)HTU36:10.5)HTU49:5.0,(Lymnaea_stagnalis:79.5,(Crassostrea_virginica:104.0,(Aplysia_californica:83.0,Siphonaria_pectinata:89.0)HTU53:7.5)HTU51:16.0)HTU50:7.0)HTU47:12.5,(Americhernus:94.0,Artemia:89.0)HTU52:15.0)HTU35:13.0)HTU33:11.0,(Vonones:68.0,(Amblypygid:70.0,((Chanbria:69.5,(Limulus:62.0,Perotrochus_lucaya:75.0)HTU60:6.0)HTU40:6.5,(((Gea:85.0,(Hypochilus:60.0,Thelichoris:62.0)HTU39:4.5)HTU42:9.0,(Littorina_littorea:75.0,Mastigoproctus:61.0)HTU43:9.0)HTU38:5.0,(Ilyanassa_obsoleta:76.5,(Yoldia_limatula:80.0,(Mytilus_californianus:84.0,(Centruoides:67.5,(Lingula_anatina:81.0,(Venerupis_decussatus:109.0,(Hadrurus:68.0,(Pauroctonus:58.0,Venerupis_philippinarum:80.5)HTU44:3.5)HTU37:9.0)HTU56:6.5)HTU62:9.5)HTU41:9.5)HTU55:19.0)HTU59:10.0)HTU58:6.5)HTU61:6.0)HTU54:8.5)HTU45:7.5)HTU48:11.5)HTU57:9.5)HTU34:17.5)HTU46:3.0)HTU32[572.0];
(Alentus:58.5,(Aportus:68.0,(Lottia_gigantea:76.5,((Thermobius:75.5,(((Helobdella_robusta:89.5,Scaphopods:81.5)HTU49:5.0,(Lymnaea_stagnalis:79.5,((Crassostrea_virginica:88.0,Rhiphicephalus:56.5)HTU36:18.5,(Aplysia_californica:83.0,Siphonaria_pectinata:89.0)HTU53:7.5)HTU51:16.0)HTU50:7.0)HTU47:12.5,(Americhernus:94.0,Artemia:89.0)HTU52:15.0)HTU35:13.0)HTU33:11.0,(Vonones:68.0,(Amblypygid:70.0,((Chanbria:69.5,(Limulus:62.0,Perotrochus_lucaya:75.0)HTU60:6.0)HTU40:6.5,(((Gea:85.0,(Hypochilus:60.0,Thelichoris:62.0)HTU39:4.5)HTU42:9.0,(Littorina_littorea:75.0,Mastigoproctus:61.0)HTU43:9.0)HTU38:5.0,(Ilyanassa_obsoleta:76.5,(Yoldia_limatula:80.0,(Mytilus_californianus:84.0,(Centruoides:67.5,(Lingula_anatina:81.0,(Venerupis_decussatus:109.0,(Hadrurus:68.0,(Pauroctonus:58.0,Venerupis_philippinarum:80.5)HTU44:3.5)HTU37:9.0)HTU56:6.5)HTU62:9.5)HTU41:9.5)HTU55:19.0)HTU59:10.0)HTU58:6.5)HTU61:6.0)HTU54:8.5)HTU45:7.5)HTU48:11.5)HTU57:9.5)HTU34:17.5)HTU46:3.0)HTU32[572.0];
(Alentus:58.5,(Aportus:68.0,(Lottia_gigantea:76.5,((Thermobius:75.5,(((Helobdella_robusta:89.5,Scaphopods:81.5)HTU49:5.0,(Lymnaea_stagnalis:79.5,(Crassostrea_virginica:104.0,(Siphonaria_pectinata:89.0,(Aplysia_californica:82.0,Rhiphicephalus:59.0)HTU36:3.5)HTU53:7.5)HTU51:16.0)HTU50:7.0)HTU47:12.5,(Americhernus:94.0,Artemia:89.0)HTU52:15.0)HTU35:13.0)HTU33:11.0,(Vonones:68.0,(Amblypygid:70.0,((Chanbria:69.5,(Limulus:62.0,Perotrochus_lucaya:75.0)HTU60:6.0)HTU40:6.5,(((Gea:85.0,(Hypochilus:60.0,Thelichoris:62.0)HTU39:4.5)HTU42:9.0,(Littorina_littorea:75.0,Mastigoproctus:61.0)HTU43:9.0)HTU38:5.0,(Ilyanassa_obsoleta:76.5,(Yoldia_limatula:80.0,(Mytilus_californianus:84.0,(Centruoides:67.5,(Lingula_anatina:81.0,(Venerupis_decussatus:109.0,(Hadrurus:68.0,(Pauroctonus:58.0,Venerupis_philippinarum:80.5)HTU44:3.5)HTU37:9.0)HTU56:6.5)HTU62:9.5)HTU41:9.5)HTU55:19.0)HTU59:10.0)HTU58:6.5)HTU61:6.0)HTU54:8.5)HTU45:7.5)HTU48:11.5)HTU57:9.5)HTU34:17.5)HTU46:3.0)HTU32[572.0];
(Alentus:58.5,(Aportus:68.0,(Lottia_gigantea:76.5,((Thermobius:75.5,(((Helobdella_robusta:89.5,Scaphopods:81.5)HTU49:5.0,((Lymnaea_stagnalis:78.0,Rhiphicephalus:64.0)HTU36:4.0,(Crassostrea_virginica:104.0,(Aplysia_californica:83.0,Siphonaria_pectinata:89.0)HTU53:7.5)HTU51:16.0)HTU50:7.0)HTU47:12.5,(Americhernus:94.0,Artemia:89.0)HTU52:15.0)HTU35:13.0)HTU33:11.0,(Vonones:68.0,(Amblypygid:70.0,((Chanbria:69.5,(Limulus:62.0,Perotrochus_lucaya:75.0)HTU60:6.0)HTU40:6.5,(((Gea:85.0,(Hypochilus:60.0,Thelichoris:62.0)HTU39:4.5)HTU42:9.0,(Littorina_littorea:75.0,Mastigoproctus:61.0)HTU43:9.0)HTU38:5.0,(Ilyanassa_obsoleta:76.5,(Yoldia_limatula:80.0,(Mytilus_californianus:84.0,(Centruoides:67.5,(Lingula_anatina:81.0,(Venerupis_decussatus:109.0,(Hadrurus:68.0,(Pauroctonus:58.0,Venerupis_philippinarum:80.5)HTU44:3.5)HTU37:9.0)HTU56:6.5)HTU62:9.5)HTU41:9.5)HTU55:19.0)HTU59:10.0)HTU58:6.5)HTU61:6.0)HTU54:8.5)HTU45:7.5)HTU48:11.5)HTU57:9.5)HTU34:17.5)HTU46:3.0)HTU32[572.0];
(Alentus:58.5,(Aportus:68.0,(Lottia_gigantea:76.5,((Thermobius:75.5,(((Helobdella_robusta:89.5,(Rhiphicephalus:64.0,Scaphopods:79.0)HTU36:5.0)HTU49:5.0,(Lymnaea_stagnalis:79.5,(Crassostrea_virginica:104.0,(Aplysia_californica:83.0,Siphonaria_pectinata:89.0)HTU53:7.5)HTU51:16.0)HTU50:7.0)HTU47:12.5,(Americhernus:94.0,Artemia:89.0)HTU52:15.0)HTU35:13.0)HTU33:11.0,(Vonones:68.0,(Amblypygid:70.0,((Chanbria:69.5,(Limulus:62.0,Perotrochus_lucaya:75.0)HTU60:6.0)HTU40:6.5,(((Gea:85.0,(Hypochilus:60.0,Thelichoris:62.0)HTU39:4.5)HTU42:9.0,(Littorina_littorea:75.0,Mastigoproctus:61.0)HTU43:9.0)HTU38:5.0,(Ilyanassa_obsoleta:76.5,(Yoldia_limatula:80.0,(Mytilus_californianus:84.0,(Centruoides:67.5,(Lingula_anatina:81.0,(Venerupis_decussatus:109.0,(Hadrurus:68.0,(Pauroctonus:58.0,Venerupis_philippinarum:80.5)HTU44:3.5)HTU37:9.0)HTU56:6.5)HTU62:9.5)HTU41:9.5)HTU55:19.0)HTU59:10.0)HTU58:6.5)HTU61:6.0)HTU54:8.5)HTU45:7.5)HTU48:11.5)HTU57:9.5)HTU34:17.5)HTU46:3.0)HTU32[572.0];
(Alentus:58.5,(Aportus:68.0,(Lottia_gigantea:76.5,((Thermobius:75.5,(((Helobdella_robusta:89.5,Scaphopods:81.5)HTU49:5.0,(Lymnaea_stagnalis:79.5,(Crassostrea_virginica:104.0,(Aplysia_californica:83.0,(Rhiphicephalus:59.0,Siphonaria_pectinata:84.5)HTU36:7.0)HTU53:7.5)HTU51:16.0)HTU50:7.0)HTU47:12.5,(Americhernus:94.0,Artemia:89.0)HTU52:15.0)HTU35:13.0)HTU33:11.0,(Vonones:68.0,(Amblypygid:70.0,((Chanbria:69.5,(Limulus:62.0,Perotrochus_lucaya:75.0)HTU60:6.0)HTU40:6.5,(((Gea:85.0,(Hypochilus:60.0,Thelichoris:62.0)HTU39:4.5)HTU42:9.0,(Littorina_littorea:75.0,Mastigoproctus:61.0)HTU43:9.0)HTU38:5.0,(Ilyanassa_obsoleta:76.5,(Yoldia_limatula:80.0,(Mytilus_californianus:84.0,(Centruoides:67.5,(Lingula_anatina:81.0,(Venerupis_decussatus:109.0,(Hadrurus:68.0,(Pauroctonus:58.0,Venerupis_philippinarum:80.5)HTU44:3.5)HTU37:9.0)HTU56:6.5)HTU62:9.5)HTU41:9.5)HTU55:19.0)HTU59:10.0)HTU58:6.5)HTU61:6.0)HTU54:8.5)HTU45:7.5)HTU48:11.5)HTU57:9.5)HTU34:17.5)HTU46:3.0)HTU32[572.0];
(Alentus:58.5,(Aportus:68.0,(Lottia_gigantea:76.5,((Thermobius:75.5,(((Rhiphicephalus:64.0,(Helobdella_robusta:89.5,Scaphopods:81.5)HTU49:3.0)HTU36:4.5,(Lymnaea_stagnalis:79.5,(Crassostrea_virginica:104.0,(Aplysia_californica:83.0,Siphonaria_pectinata:89.0)HTU53:7.5)HTU51:16.0)HTU50:7.0)HTU47:12.5,(Americhernus:94.0,Artemia:89.0)HTU52:15.0)HTU35:13.0)HTU33:11.0,(Vonones:68.0,(Amblypygid:70.0,(((Gea:85.0,(Hypochilus:60.0,Thelichoris:62.0)HTU39:4.5)HTU42:9.0,(Mastigoproctus:67.0,(Littorina_littorea:75.5,(Ilyanassa_obsoleta:76.5,(Yoldia_limatula:80.0,(Mytilus_californianus:84.0,(Centruoides:66.0,(Lingula_anatina:81.0,((Pauroctonus:58.0,Venerupis_philippinarum:80.5)HTU44:5.0,(Hadrurus:60.0,Venerupis_decussatus:81.0)HTU56:39.0)HTU37:12.0)HTU62:10.5)HTU41:9.0)HTU55:19.0)HTU59:10.0)HTU58:2.5)HTU61:7.0)HTU43:5.0)HTU38:6.0,(Chanbria:69.5,(Limulus:62.0,Perotrochus_lucaya:75.0)HTU60:6.0)HTU40:7.0)HTU54:8.0)HTU45:7.5)HTU48:11.5)HTU57:9.5)HTU34:17.5)HTU46:3.0)HTU32[572.0];
