(Alentus:0.5,((Thermobius:0.0,(Hypochilus:0.5,((Mastigoproctus:0.5,((Americhernus:0.5,Gea:0.5)HTU29:0.5,(Limulus:0.5,Pauroctonus:0.5)HTU31:0.5)HTU30:0.5)HTU25:0.5,(Centruoides:0.0,(Thelichoris:1.0,(Amblypygid:1.0,(Chanbria:1.0,(Hadrurus:0.0,(Rhiphicephalus:0.5,Vonones:0.5)HTU28:0.5)HTU24:0.0)HTU27:0.0)HTU23:0.0)HTU22:0.0)HTU26:0.5)HTU21:0.5)HTU20:0.5)HTU19:0.0,(Aportus:1.0,Artemia:0.0)HTU32:0.0)HTU18:0.5)HTU17[83.0];
(Alentus:0.5,((Thermobius:0.0,(Hypochilus:0.5,((Mastigoproctus:0.5,(Centruoides:0.0,(Thelichoris:1.0,(Amblypygid:1.0,(Chanbria:1.0,(Hadrurus:0.0,(Rhiphicephalus:0.5,Vonones:0.5)HTU28:0.5)HTU24:0.0)HTU27:0.0)HTU23:0.0)HTU22:0.0)HTU26:0.5)HTU21:0.5,((Americhernus:0.5,Gea:0.5)HTU29:0.5,(Limulus:0.5,Pauroctonus:0.5)HTU31:0.5)HTU30:0.5)HTU25:0.5)HTU20:0.5)HTU19:0.0,(Aportus:1.0,Artemia:0.0)HTU32:0.0)HTU18:0.5)HTU17[83.0];
(Alentus:0.5,((Thermobius:0.0,(Hypochilus:0.5,(Mastigoproctus:0.5,((Centruoides:0.0,(Thelichoris:1.0,(Amblypygid:1.0,(Chanbria:1.0,(Hadrurus:0.0,(Rhiphicephalus:0.5,Vonones:0.5)HTU28:0.5)HTU24:0.0)HTU27:0.0)HTU23:0.0)HTU22:0.0)HTU26:0.5,((Americhernus:0.5,Gea:0.5)HTU29:0.5,(Limulus:0.5,Pauroctonus:0.5)HTU31:0.5)HTU30:0.5)HTU21:0.5)HTU25:0.5)HTU20:0.5)HTU19:0.0,(Aportus:1.0,Artemia:0.0)HTU32:0.0)HTU18:0.5)HTU17[83.0];
(Alentus:0.5,((Thermobius:0.0,(Hypochilus:0.5,(((Centruoides:0.0,Mastigoproctus:1.0)HTU21:0.0,(Thelichoris:1.0,(Amblypygid:1.0,(Chanbria:1.0,(Hadrurus:0.0,(Rhiphicephalus:0.5,Vonones:0.5)HTU28:0.5)HTU24:0.0)HTU27:0.0)HTU23:0.0)HTU22:0.0)HTU26:0.5,((Americhernus:0.5,Gea:0.5)HTU29:0.5,(Limulus:0.5,Pauroctonus:0.5)HTU31:0.5)HTU30:0.5)HTU25:0.5)HTU20:0.5)HTU19:0.0,(Aportus:1.0,Artemia:0.0)HTU32:0.0)HTU18:0.5)HTU17[83.0];
(Alentus:0.5,((Thermobius:0.0,(Hypochilus:0.5,(((Centruoides:0.0,Mastigoproctus:1.0)HTU21:0.0,(Thelichoris:1.0,(Amblypygid:1.0,(Hadrurus:0.0,(Chanbria:0.5,(Rhiphicephalus:0.5,Vonones:0.5)HTU28:0.5)HTU24:0.5)HTU27:0.0)HTU23:0.0)HTU22:0.0)HTU26:0.5,((Americhernus:0.5,Gea:0.5)HTU29:0.5,(Limulus:0.5,Pauroctonus:0.5)HTU31:0.5)HTU30:0.5)HTU25:0.5)HTU20:0.5)HTU19:0.0,(Aportus:1.0,Artemia:0.0)HTU32:0.0)HTU18:0.5)HTU17[83.0];
(Alentus:0.5,((Thermobius:0.0,(Hypochilus:0.5,(((Centruoides:0.0,Mastigoproctus:1.0)HTU21:0.0,(Thelichoris:1.0,(Amblypygid:1.0,((Chanbria:1.0,Hadrurus:0.0)HTU27:0.0,(Rhiphicephalus:0.5,Vonones:0.5)HTU28:0.5)HTU24:0.0)HTU23:0.0)HTU22:0.0)HTU26:0.5,((Americhernus:0.5,Gea:0.5)HTU29:0.5,(Limulus:0.5,Pauroctonus:0.5)HTU31:0.5)HTU30:0.5)HTU25:0.5)HTU20:0.5)HTU19:0.0,(Aportus:1.0,Artemia:0.0)HTU32:0.0)HTU18:0.5)HTU17[83.0];
(Alentus:0.5,(((Hypochilus:1.0,Thermobius:0.0)HTU20:0.0,(((Centruoides:0.0,Mastigoproctus:1.0)HTU21:0.0,(Thelichoris:1.0,(Amblypygid:1.0,(Hadrurus:0.0,(Chanbria:0.5,(Rhiphicephalus:0.5,Vonones:0.5)HTU28:0.5)HTU24:0.5)HTU27:0.0)HTU23:0.0)HTU22:0.0)HTU26:0.5,((Americhernus:0.5,Gea:0.5)HTU29:0.5,(Limulus:0.5,Pauroctonus:0.5)HTU31:0.5)HTU30:0.5)HTU25:0.5)HTU19:0.0,(Aportus:1.0,Artemia:0.0)HTU32:0.0)HTU18:0.5)HTU17[83.0];
(Alentus:0.5,((Hypochilus:1.0,(Thermobius:0.0,(((Centruoides:0.0,Mastigoproctus:1.0)HTU21:0.0,(Thelichoris:1.0,(Amblypygid:1.0,(Hadrurus:0.0,(Chanbria:0.5,(Rhiphicephalus:0.5,Vonones:0.5)HTU28:0.5)HTU24:0.5)HTU27:0.0)HTU23:0.0)HTU22:0.0)HTU26:0.5,((Americhernus:0.5,Gea:0.5)HTU29:0.5,(Limulus:0.5,Pauroctonus:0.5)HTU31:0.5)HTU30:0.5)HTU25:0.5)HTU19:0.0)HTU20:0.0,(Aportus:1.0,Artemia:0.0)HTU32:0.0)HTU18:0.5)HTU17[83.0];
(Alentus:0.5,(((Hypochilus:1.0,Thermobius:0.0)HTU20:0.0,(((Centruoides:0.0,Mastigoproctus:1.0)HTU21:0.0,(Thelichoris:1.0,(Amblypygid:1.0,((Chanbria:0.5,Rhiphicephalus:0.5)HTU24:0.5,(Hadrurus:0.0,Vonones:1.0)HTU28:0.0)HTU27:0.0)HTU23:0.0)HTU22:0.0)HTU26:0.5,((Americhernus:0.5,Gea:0.5)HTU29:0.5,(Limulus:0.5,Pauroctonus:0.5)HTU31:0.5)HTU30:0.5)HTU25:0.5)HTU19:0.0,(Aportus:1.0,Artemia:0.0)HTU32:0.0)HTU18:0.5)HTU17[83.0];
(Alentus:0.5,(((Hypochilus:1.0,Thermobius:0.0)HTU20:0.0,(((Centruoides:0.0,Mastigoproctus:1.0)HTU21:0.0,(Thelichoris:1.0,(Amblypygid:1.0,(Hadrurus:0.0,(Vonones:0.5,(Chanbria:0.5,Rhiphicephalus:0.5)HTU24:0.5)HTU28:0.5)HTU27:0.0)HTU23:0.0)HTU22:0.0)HTU26:0.5,((Americhernus:0.5,Gea:0.5)HTU29:0.5,(Limulus:0.5,Pauroctonus:0.5)HTU31:0.5)HTU30:0.5)HTU25:0.5)HTU19:0.0,(Aportus:1.0,Artemia:0.0)HTU32:0.0)HTU18:0.5)HTU17[83.0];
