"Input data contained:"
,"100 terminal taxa"
,"2 input data files"
,"2 character blocks"
,"149 total characters"

"Terminal taxa:"
" ","Adacnarca_limopsoides_USNM21","Adacnarca_nitens","Anadara_floridana","Anadara_geissei_CV01","Anadara_ovalis","Anadara_transversa","Arcopsis_adamsi","Arcopsis_afra","Arcopsis_solida","Atrina_rigida"
" ","Aupouria_parvula","Axinactis_Glycymerella_americana_USNM22","Axinactis_inaequalis","Barbatia_amygdalumtostum","Barbatia_candida_PR04","Barbatia_domingensis","Barbatia_foliata","Barbatia_lacerata","Barbatia_reeveana","Barbatia_tenera"
" ","Bathyarca_perversidens_AU36","Bathyarca_sp_A","Bathyarca_sp_Brasil","Bentharca_asperula_USNM68","Bentharca_nodulosa","Bentharca_xenophoricola_FMNH13","Brachidontes_domingensis_PR26","Chama_frondosa_CR52","Chama_sp_PR41","Cosa_costata"
" ","Cosa_parallelogramma_USNM26","Cosa_scabra_AU155","Cosa_waikikia","Cratis_progressa","Cucullaea_labiata","Empleconia_vaginatus_FMNH05","Fugleria_illota","Glycymeris_crebreliratus_AU40","Glycymeris_formosus","Glycymeris_glycymeris_MNHN120"
" ","Glycymeris_grayana_AU14","Glycymeris_holosericus_AU13","Glycymeris_lividus_cf_MNHN28","Glycymeris_ovatus_CL02","Glycymeris_pilosa_FMNH06","Glycymeris_reevei","Glycymeris_scripta_FMNH17","Glycymeris_striatularis","Grammatodontinae","Hochstetteria_munita_USNM47"
" ","Hyotissa_hyotis_CR48","Isognomon_alatus_PR44","Isognomon_bicolor_PR33","Isognomon_radiatus_PR29","Lima_caribaea","Lima_lima","Limaria_pellucida","Limopsis_aurita_BMNH07","Limopsis_diegensis","Limopsis_forteradiata_AU01"
" ","Limopsis_loringi_AU11","Limopsis_marionensis","Limopsis_soboles_AU39","Limopsis_tenisoni_AU29","Limopsis_woodwardi_AU26","Lissarca_notarcadensis_USNM14","Lissarca_picta","Lissarca_rubrofusca_USNM17","Litharca_lithodomus","Lithophaga_aristata"
" ","Lithophaga_plumula","Malleus_candeanus_PR31","Melaxinaea_labyrintha","Micromytilus_crenulatifera_AU140","Mytilid_sp","Neocardia_sp_A_USNM15","Nipponarca_bistrigata","Noetia_ponderosa_FLA01","Notomytilus_rubra","Parallelodontinae"
" ","Philobrya_setosa_USNM41","Philobrya_sublaevis_USNM27","Pinctada_mazatlantica_CR49","Pinna_carnea_PR24","Pteria_colymbus_PR37","Pteria_hirundo","Scaphula_celox_","Scaphula_deltae_BMNH16","Scaphula_pinna_BM17","Senilia_senilis_FMNH20"
" ","Sheldonella_repenta_AU33","Stenocista_gambiensis_MNHN117","Striarca_interplicata_USNM49","Striarca_olivacea","Striarca_sp_MNHN101","Trisidos_semitorta_AU44","Trisidos_tortuosa_AU102","Tucetona_flabellata","Tucetona_gealei_MNHN113","Tucetona_pectunculus"

"Excluded taxa:"
" ","None"

"Renamed taxa:","New Name","Original Name"
" ","None","None"

"Index","Block","Name","Type","Activity","Weight","Prealigned","Alphabet","TCM"
"0","arcoida_cont.ss#0","arcoida_cont.ss#0","NonAdd","active","1.0","prealigned","0,1,2,3,4,5,6","[]"
"1","arcoida_cont.ss#0","arcoida_cont.ss#1","NonAdd","active","1.0","prealigned","0,1,2,3,4,5,6","[]"
"2","arcoida_cont.ss#0","arcoida_cont.ss#2","NonAdd","active","1.0","prealigned","0,1,2,3,4,5,6","[]"
"3","arcoida_cont.ss#0","arcoida_cont.ss#3","NonAdd","active","1.0","prealigned","0,1,2,3,4,5,6","[]"
"4","arcoida_cont.ss#0","arcoida_cont.ss#4","NonAdd","active","1.0","prealigned","0,1,2,3,4,5,6","[]"
"5","arcoida_cont.ss#0","arcoida_cont.ss#5","NonAdd","active","1.0","prealigned","0,1,2,3,4,5,6","[]"
"6","arcoida_cont.ss#0","arcoida_cont.ss#6","NonAdd","active","1.0","prealigned","0,1,2,3,4,5,6","[]"
"7","arcoida_cont.ss#0","arcoida_cont.ss#7","NonAdd","active","1.0","prealigned","0,1,2,3,4,5,6","[]"
"8","arcoida_cont.ss#0","arcoida_cont.ss#8","NonAdd","active","1.0","prealigned","0,1,2,3,4,5,6","[]"
"9","arcoida_cont.ss#0","arcoida_cont.ss#9","NonAdd","active","1.0","prealigned","0,1,2,3,4,5,6","[]"
"10","arcoida_cont.ss#0","arcoida_cont.ss#10","NonAdd","active","1.0","prealigned","0,1,2,3,4,5,6","[]"
"11","arcoida_cont.ss#0","arcoida_cont.ss#11","NonAdd","active","1.0","prealigned","0,1,2,3,4,5,6","[]"
"12","arcoida_cont.ss#0","arcoida_cont.ss#12","NonAdd","active","1.0","prealigned","0,1,2,3,4,5,6","[]"
"13","arcoida_cont.ss#0","arcoida_cont.ss#13","NonAdd","active","1.0","prealigned","0,1,2,3,4,5,6","[]"
"14","arcoida_cont.ss#0","arcoida_cont.ss#14","NonAdd","active","1.0","prealigned","0,1,2,3,4,5,6","[]"
"15","arcoida_cont.ss#0","arcoida_cont.ss#15","NonAdd","active","1.0","prealigned","0,1,2,3,4,5,6","[]"
"16","arcoida_cont.ss#0","arcoida_cont.ss#16","NonAdd","active","1.0","prealigned","0,1,2,3,4,5,6","[]"
"17","arcoida_cont.ss#0","arcoida_cont.ss#17","NonAdd","active","1.0","prealigned","0,1,2,3,4,5,6","[]"
"18","arcoida_cont.ss#0","arcoida_cont.ss#18","NonAdd","active","1.0","prealigned","0,1,2,3,4,5,6","[]"
"19","arcoida_cont.ss#0","arcoida_cont.ss#19","NonAdd","active","1.0","prealigned","0,1,2,3,4,5,6","[]"
"20","arcoida_cont.ss#0","arcoida_cont.ss#20","NonAdd","active","1.0","prealigned","0,1,2,3,4,5,6","[]"
"21","arcoida_cont.ss#0","arcoida_cont.ss#21","NonAdd","active","1.0","prealigned","0,1,2,3,4,5,6","[]"
"22","arcoida_cont.ss#0","arcoida_cont.ss#22","NonAdd","active","1.0","prealigned","0,1,2,3,4,5,6","[]"
"23","arcoida_cont.ss#0","arcoida_cont.ss#23","NonAdd","active","1.0","prealigned","0,1,2,3,4,5,6","[]"
"24","arcoida_cont.ss#0","arcoida_cont.ss#24","NonAdd","active","1.0","prealigned","0,1,2,3,4,5,6","[]"
"25","arcoida_cont.ss#0","arcoida_cont.ss#25","NonAdd","active","1.0","prealigned","0,1,2,3,4,5,6","[]"
"26","arcoida_cont.ss#0","arcoida_cont.ss#26","NonAdd","active","1.0","prealigned","0,1,2,3,4,5,6","[]"
"27","arcoida_cont.ss#0","arcoida_cont.ss#27","NonAdd","active","1.0","prealigned","0,1,2,3,4,5,6","[]"
"28","arcoida_cont.ss#0","arcoida_cont.ss#28","NonAdd","active","1.0","prealigned","0,1,2,3,4,5,6","[]"
"29","arcoida_cont.ss#0","arcoida_cont.ss#29","NonAdd","active","1.0","prealigned","0,1,2,3,4,5,6","[]"
"30","arcoida_cont.ss#0","arcoida_cont.ss#30","NonAdd","active","0.0","prealigned","0,1,2,3,4,5,6","[]"
"31","arcoida_cont.ss#0","arcoida_cont.ss#31","NonAdd","active","1.0","prealigned","0,1,2,3,4,5,6","[]"
"32","arcoida_cont.ss#0","arcoida_cont.ss#32","NonAdd","active","1.0","prealigned","0,1,2,3,4,5,6","[]"
"33","arcoida_cont.ss#0","arcoida_cont.ss#33","NonAdd","active","1.0","prealigned","0,1,2,3,4,5,6","[]"
"34","arcoida_cont.ss#0","arcoida_cont.ss#34","NonAdd","active","1.0","prealigned","0,1,2,3,4,5,6","[]"
"35","arcoida_cont.ss#0","arcoida_cont.ss#35","NonAdd","active","1.0","prealigned","0,1,2,3,4,5,6","[]"
"36","arcoida_cont.ss#0","arcoida_cont.ss#36","NonAdd","active","1.0","prealigned","0,1,2,3,4,5,6","[]"
"37","arcoida_cont.ss#0","arcoida_cont.ss#37","NonAdd","active","1.0","prealigned","0,1,2,3,4,5,6","[]"
"38","arcoida_cont.ss#0","arcoida_cont.ss#38","NonAdd","active","1.0","prealigned","0,1,2,3,4,5,6","[]"
"39","arcoida_cont.ss#0","arcoida_cont.ss#39","NonAdd","active","1.0","prealigned","0,1,2,3,4,5,6","[]"
"40","arcoida_cont.ss#0","arcoida_cont.ss#40","NonAdd","active","1.0","prealigned","0,1,2,3,4,5,6","[]"
"41","arcoida_cont.ss#0","arcoida_cont.ss#41","NonAdd","active","1.0","prealigned","0,1,2,3,4,5,6","[]"
"42","arcoida_cont.ss#0","arcoida_cont.ss#42","NonAdd","active","1.0","prealigned","0,1,2,3,4,5,6","[]"
"43","arcoida_cont.ss#0","arcoida_cont.ss#43","NonAdd","active","1.0","prealigned","0,1,2,3,4,5,6","[]"
"44","arcoida_cont.ss#0","arcoida_cont.ss#44","NonAdd","active","1.0","prealigned","0,1,2,3,4,5,6","[]"
"45","arcoida_cont.ss#0","arcoida_cont.ss#45","NonAdd","active","1.0","prealigned","0,1,2,3,4,5,6","[]"
"46","arcoida_cont.ss#0","arcoida_cont.ss#46","NonAdd","active","1.0","prealigned","0,1,2,3,4,5,6","[]"
"47","arcoida_cont.ss#0","arcoida_cont.ss#47","NonAdd","active","1.0","prealigned","0,1,2,3,4,5,6","[]"
"48","arcoida_cont.ss#0","arcoida_cont.ss#48","NonAdd","active","1.0","prealigned","0,1,2,3,4,5,6","[]"
"49","arcoida_cont.ss#0","arcoida_cont.ss#49","NonAdd","active","1.0","prealigned","0,1,2,3,4,5,6","[]"
"50","arcoida_cont.ss#0","arcoida_cont.ss#50","NonAdd","active","1.0","prealigned","0,1,2,3,4,5,6","[]"
"51","arcoida_cont.ss#0","arcoida_cont.ss#51","NonAdd","active","1.0","prealigned","0,1,2,3,4,5,6","[]"
"52","arcoida_cont.ss#0","arcoida_cont.ss#52","NonAdd","active","1.0","prealigned","0,1,2,3,4,5,6","[]"
"53","arcoida_cont.ss#0","arcoida_cont.ss#53","NonAdd","active","1.0","prealigned","0,1,2,3,4,5,6","[]"
"54","arcoida_cont.ss#0","arcoida_cont.ss#54","NonAdd","active","1.0","prealigned","0,1,2,3,4,5,6","[]"
"55","arcoida_cont.ss#0","arcoida_cont.ss#55","NonAdd","active","1.0","prealigned","0,1,2,3,4,5,6","[]"
"56","arcoida_cont.ss#0","arcoida_cont.ss#56","NonAdd","active","1.0","prealigned","0,1,2,3,4,5,6","[]"
"57","arcoida_cont.ss#0","arcoida_cont.ss#57","NonAdd","active","1.0","prealigned","0,1,2,3,4,5,6","[]"
"58","arcoida_cont.ss#0","arcoida_cont.ss#58","NonAdd","active","1.0","prealigned","0,1,2,3,4,5,6","[]"
"59","arcoida_cont.ss#0","arcoida_cont.ss#59","NonAdd","active","1.0","prealigned","0,1,2,3,4,5,6","[]"
"60","arcoida_cont.ss#0","arcoida_cont.ss#60","Add","active","1.0","prealigned","0,1","[]"
"61","arcoida_cont.ss#0","arcoida_cont.ss#61","NonAdd","active","1.0","prealigned","0,1,2,3,4,5,6","[]"
"62","arcoida_cont.ss#0","arcoida_cont.ss#62","Add","active","1.0","prealigned","0,1,2","[]"
"63","arcoida_cont.ss#0","arcoida_cont.ss#63","NonAdd","active","1.0","prealigned","0,1,2,3,4,5,6","[]"
"64","arcoida_cont.ss#0","arcoida_cont.ss#64","NonAdd","active","1.0","prealigned","0,1,2,3,4,5,6","[]"
"65","arcoida_cont.ss#0","arcoida_cont.ss#65","NonAdd","active","1.0","prealigned","0,1,2,3,4,5,6","[]"
"66","arcoida_cont.ss#0","arcoida_cont.ss#66","NonAdd","active","1.0","prealigned","0,1,2,3,4,5,6","[]"
"67","arcoida_cont.ss#0","arcoida_cont.ss#67","NonAdd","active","1.0","prealigned","0,1,2,3,4,5,6","[]"
"68","arcoida_cont.ss#0","arcoida_cont.ss#68","NonAdd","active","1.0","prealigned","0,1,2,3,4,5,6","[]"
"69","arcoida_cont.ss#0","arcoida_cont.ss#69","NonAdd","active","0.0","prealigned","0,1,2,3,4,5,6","[]"
"70","arcoida_cont.ss#0","arcoida_cont.ss#70","NonAdd","active","0.0","prealigned","0,1,2,3,4,5,6","[]"
"71","arcoida_cont.ss#0","arcoida_cont.ss#71","NonAdd","active","0.0","prealigned","0,1,2,3,4,5,6","[]"
"72","arcoida_cont.ss#0","arcoida_cont.ss#72","NonAdd","active","0.0","prealigned","0,1,2,3,4,5,6","[]"
"73","arcoida_cont.ss#0","arcoida_cont.ss#73","NonAdd","active","0.0","prealigned","0,1,2,3,4,5,6","[]"
"74","arcoida_cont.ss#0","arcoida_cont.ss#74","NonAdd","active","0.0","prealigned","0,1,2,3,4,5,6","[]"
"75","arcoida_cont.ss#0","arcoida_cont.ss#75","NonAdd","active","0.0","prealigned","0,1,2,3,4,5,6","[]"
"76","arcoida_cont.ss#0","arcoida_cont.ss#76","NonAdd","active","0.0","prealigned","0,1,2,3,4,5,6","[]"
"77","arcoida_cont.ss#0","arcoida_cont.ss#77","NonAdd","active","0.0","prealigned","0,1,2,3,4,5,6","[]"
"78","arcoida_cont.ss#0","arcoida_cont.ss#78","NonAdd","active","0.0","prealigned","0,1,2,3,4,5,6","[]"
"79","arcoida_cont.ss#0","arcoida_cont.ss#79","NonAdd","active","0.0","prealigned","0,1,2,3,4,5,6","[]"
"80","arcoida_cont.ss#0","arcoida_cont.ss#80","NonAdd","active","0.0","prealigned","0,1,2,3,4,5,6","[]"
"81","arcoida_cont.ss#0","arcoida_cont.ss#81","NonAdd","active","0.0","prealigned","0,1,2,3,4,5,6","[]"
"82","arcoida_cont.ss#0","arcoida_cont.ss#82","NonAdd","active","0.0","prealigned","0,1,2,3,4,5,6","[]"
"83","arcoida_cont.ss#0","arcoida_cont.ss#83","NonAdd","active","0.0","prealigned","0,1,2,3,4,5,6","[]"
"84","arcoida_cont.ss#0","arcoida_cont.ss#84","NonAdd","active","0.0","prealigned","0,1,2,3,4,5,6","[]"
"85","arcoida_cont.ss#0","arcoida_cont.ss#85","NonAdd","active","0.0","prealigned","0,1,2,3,4,5,6","[]"
"86","arcoida_cont.ss#0","arcoida_cont.ss#86","NonAdd","active","0.0","prealigned","0,1,2,3,4,5,6","[]"
"87","arcoida_cont.ss#0","arcoida_cont.ss#87","NonAdd","active","0.0","prealigned","0,1,2,3,4,5,6","[]"
"88","arcoida_cont.ss#0","arcoida_cont.ss#88","NonAdd","active","0.0","prealigned","0,1,2,3,4,5,6","[]"
"89","arcoida_cont.ss#0","arcoida_cont.ss#89","NonAdd","active","0.0","prealigned","0,1,2,3,4,5,6","[]"
"90","arcoida_cont.ss#0","arcoida_cont.ss#90","NonAdd","active","0.0","prealigned","0,1,2,3,4,5,6","[]"
"91","arcoida_cont.ss#0","arcoida_cont.ss#91","NonAdd","active","0.0","prealigned","0,1,2,3,4,5,6","[]"
"92","arcoida_cont.ss#0","arcoida_cont.ss#92","NonAdd","active","0.0","prealigned","0,1,2,3,4,5,6","[]"
"93","arcoida_cont.ss#0","arcoida_cont.ss#93","NonAdd","active","0.0","prealigned","0,1,2,3,4,5,6","[]"
"94","arcoida_cont.ss#0","arcoida_cont.ss#94","NonAdd","active","0.0","prealigned","0,1,2,3,4,5,6","[]"
"95","arcoida_cont.ss#0","arcoida_cont.ss#95","NonAdd","active","0.0","prealigned","0,1,2,3,4,5,6","[]"
"96","arcoida_cont.ss#0","arcoida_cont.ss#96","NonAdd","active","0.0","prealigned","0,1,2,3,4,5,6","[]"
"97","arcoida_cont.ss#0","arcoida_cont.ss#97","NonAdd","active","0.0","prealigned","0,1,2,3,4,5,6","[]"
"98","arcoida_cont.ss#0","arcoida_cont.ss#98","NonAdd","active","0.0","prealigned","0,1,2,3,4,5,6","[]"
"99","arcoida_cont.ss#0","arcoida_cont.ss#99","NonAdd","active","0.0","prealigned","0,1,2,3,4,5,6","[]"
"100","arcoida_cont.ss#0","arcoida_cont.ss#100","NonAdd","active","0.0","prealigned","0,1,2,3,4,5,6","[]"
"101","arcoida_cont.ss#0","arcoida_cont.ss#101","NonAdd","active","0.0","prealigned","0,1,2,3,4,5,6","[]"
"102","arcoida_cont.ss#0","arcoida_cont.ss#102","NonAdd","active","0.0","prealigned","0,1,2,3,4,5,6","[]"
"103","arcoida_cont.ss#0","arcoida_cont.ss#103","NonAdd","active","0.0","prealigned","0,1,2,3,4,5,6","[]"
"104","arcoida_cont.ss#0","arcoida_cont.ss#104","NonAdd","active","0.0","prealigned","0,1,2,3,4,5,6","[]"
"105","arcoida_cont.ss#0","arcoida_cont.ss#105","NonAdd","active","0.0","prealigned","0,1,2,3,4,5,6","[]"
"106","arcoida_cont.ss#0","arcoida_cont.ss#106","NonAdd","active","0.0","prealigned","0,1,2,3,4,5,6","[]"
"107","arcoida_cont.ss#0","arcoida_cont.ss#107","NonAdd","active","0.0","prealigned","0,1,2,3,4,5,6","[]"
"108","arcoida_cont.ss#0","arcoida_cont.ss#108","NonAdd","active","0.0","prealigned","0,1,2,3,4,5,6","[]"
"109","arcoida_cont.ss#0","arcoida_cont.ss#109","NonAdd","active","0.0","prealigned","0,1,2,3,4,5,6","[]"
"110","arcoida_cont.ss#0","arcoida_cont.ss#110","NonAdd","active","0.0","prealigned","0,1,2,3,4,5,6","[]"
"111","arcoida_cont.ss#0","arcoida_cont.ss#111","NonAdd","active","0.0","prealigned","0,1,2,3,4,5,6","[]"
"112","arcoida_cont.ss#0","arcoida_cont.ss#112","Add","active","1.0","prealigned","0,1,2","[]"
"113","arcoida_cont.ss#0","arcoida_cont.ss#113","NonAdd","active","1.0","prealigned","0,1,2,3,4,5,6","[]"
"114","arcoida_cont.ss#0","arcoida_cont.ss#114","NonAdd","active","1.0","prealigned","0,1,2,3,4,5,6","[]"
"115","arcoida_cont.ss#0","arcoida_cont.ss#115","NonAdd","active","1.0","prealigned","0,1,2,3,4,5,6","[]"
"116","arcoida_cont.ss#0","arcoida_cont.ss#116","NonAdd","active","1.0","prealigned","0,1,2,3,4,5,6","[]"
"117","arcoida_cont.ss#0","arcoida_cont.ss#117","NonAdd","active","1.0","prealigned","0,1,2,3,4,5,6","[]"
"118","arcoida_cont.ss#0","arcoida_cont.ss#118","NonAdd","active","1.0","prealigned","0,1,2,3,4,5,6","[]"
"119","arcoida_cont.ss#0","arcoida_cont.ss#119","NonAdd","active","1.0","prealigned","0,1,2,3,4,5,6","[]"
"120","arcoida_cont.ss#0","arcoida_cont.ss#120","NonAdd","active","1.0","prealigned","0,1,2,3,4,5,6","[]"
"121","arcoida_cont.ss#0","arcoida_cont.ss#121","NonAdd","active","1.0","prealigned","0,1,2,3,4,5,6","[]"
"122","arcoida_cont.ss#0","arcoida_cont.ss#122","NonAdd","active","1.0","prealigned","0,1,2,3,4,5,6","[]"
"123","arcoida_cont.ss#0","arcoida_cont.ss#123","NonAdd","active","1.0","prealigned","0,1,2,3,4,5,6","[]"
"124","arcoida_cont.ss#0","arcoida_cont.ss#124","NonAdd","active","1.0","prealigned","0,1,2,3,4,5,6","[]"
"125","arcoida_cont.ss#0","arcoida_cont.ss#125","NonAdd","active","1.0","prealigned","0,1,2,3,4,5,6","[]"
"126","arcoida_cont.ss#0","arcoida_cont.ss#126","NonAdd","active","1.0","prealigned","0,1,2,3,4,5,6","[]"
"127","arcoida_cont.ss#0","arcoida_cont.ss#127","NonAdd","active","1.0","prealigned","0,1,2,3,4,5,6","[]"
"128","arcoida_cont.ss#0","arcoida_cont.ss#128","NonAdd","active","1.0","prealigned","0,1,2,3,4,5,6","[]"
"129","arcoida_cont.ss#0","arcoida_cont.ss#129","NonAdd","active","1.0","prealigned","0,1,2,3,4,5,6","[]"
"130","arcoida_cont.ss#0","arcoida_cont.ss#130","NonAdd","active","1.0","prealigned","0,1,2,3,4,5,6","[]"
"131","arcoida_cont.ss#0","arcoida_cont.ss#131","NonAdd","active","1.0","prealigned","0,1,2,3,4,5,6","[]"
"132","arcoida_cont.ss#0","arcoida_cont.ss#132","NonAdd","active","1.0","prealigned","0,1,2,3,4,5,6","[]"
"133","arcoida_cont.ss#0","arcoida_cont.ss#133","NonAdd","active","1.0","prealigned","0,1,2,3,4,5,6","[]"
"134","arcoida_cont.ss#0","arcoida_cont.ss#134","NonAdd","active","1.0","prealigned","0,1,2,3,4,5,6","[]"
"135","arcoida_cont.ss#0","arcoida_cont.ss#135","NonAdd","active","1.0","prealigned","0,1,2,3,4,5,6","[]"
"136","arcoida_cont.ss#0","arcoida_cont.ss#136","NonAdd","active","1.0","prealigned","0,1,2,3,4,5,6","[]"
"137","arcoida_cont.ss#0","arcoida_cont.ss#137","NonAdd","active","1.0","prealigned","0,1,2,3,4,5,6","[]"
"138","arcoida_cont.ss#0","arcoida_cont.ss#138","NonAdd","active","1.0","prealigned","0,1,2,3,4,5,6","[]"
"139","arcoida_cont.ss#0","arcoida_cont.ss#139","NonAdd","active","1.0","prealigned","0,1,2,3,4,5,6","[]"
"140","arcoida_cont.ss#0","arcoida_cont.ss#140","NonAdd","active","1.0","prealigned","0,1,2,3,4,5,6","[]"
"141","arcoida_cont.ss#0","arcoida_cont.ss#141","NonAdd","active","1.0","prealigned","0,1,2,3,4,5,6","[]"
"142","arcoida_cont.ss#0","arcoida_cont.ss#142","NonAdd","active","1.0","prealigned","0,1,2,3,4,5,6","[]"
"143","arcoida_cont.ss#0","arcoida_cont.ss#143","NonAdd","active","1.0","prealigned","0,1,2,3,4,5,6","[]"
"144","arcoida_cont.ss#0","arcoida_cont.ss#144","NonAdd","active","1.0","prealigned","0,1,2,3,4,5,6","[]"
"145","arcoida_cont.ss#0","arcoida_cont.ss#145","NonAdd","active","1.0","prealigned","0,1,2,3,4,5,6","[]"
"146","arcoida_cont2.ss#0","arcoida_cont2.ss#0","NonAdd","active","1.0","prealigned","0,1,2,3","[]"
"147","arcoida_cont2.ss#0","arcoida_cont2.ss#1","NonAdd","active","1.0","prealigned","0,1,2,3","[]"
"148","arcoida_cont2.ss#0","arcoida_cont2.ss#2","NonAdd","active","1.0","prealigned","0,1,2,3","[]"
