"Input data contained:"
,"24 terminal taxa"
,"2 input data files"
,"2 character blocks"
,"2 total characters"

"Terminal taxa:"
" ","Antarctic_neomeniomorph","Aplysia_californica","Cerebratulus_lacteus","Chaetopleura_apiculata","Crassostrea_virginica","Euprymna_scolopes","Greenland_neomeniomorph","Helobdella_robusta","Ilyanassa_obsoleta","Lingula_anatina"
" ","Littorina_littorea","Lottia_gigantea","Lymnaea_stagnalis","Mytilus_californianus","Nautilus","Nucula","Octopus","Perotrochus_lucaya","Scaphopods","Siphonaria_pectinata"
" ","Solemya","Venerupis_decussatus","Venerupis_philippinarum","Yoldia_limatula"

"Excluded taxa:"
" ","None"

"Renamed taxa:","New Name","Original Name"
" ","None","None"

"Index","Block","Name","Type","Activity","Weight","Prealigned","Alphabet","TCM"
"0","metazoa-aa-2.fas#0","metazoa-aa-2.fas#0","AlignedWide","active","1.0","prealigned","-,A,C,D,E,F,G,H,I,K,L,M,N,P,Q,R,S,T,V,W,Y","[[0],[1,0],[1,1,0],[1,1,1,0],[1,1,1,1,0],[1,1,1,1,1,0],[1,1,1,1,1,1,0],[1,1,1,1,1,1,1,0],[1,1,1,1,1,1,1,1,0],[1,1,1,1,1,1,1,1,1,0],[1,1,1,1,1,1,1,1,1,1,0],[1,1,1,1,1,1,1,1,1,1,1,0],[1,1,1,1,1,1,1,1,1,1,1,1,0],[1,1,1,1,1,1,1,1,1,1,1,1,1,0],[1,1,1,1,1,1,1,1,1,1,1,1,1,1,0],[1,1,1,1,1,1,1,1,1,1,1,1,1,1,1,0],[1,1,1,1,1,1,1,1,1,1,1,1,1,1,1,1,0],[1,1,1,1,1,1,1,1,1,1,1,1,1,1,1,1,1,0],[1,1,1,1,1,1,1,1,1,1,1,1,1,1,1,1,1,1,0],[1,1,1,1,1,1,1,1,1,1,1,1,1,1,1,1,1,1,1,0],[1,1,1,1,1,1,1,1,1,1,1,1,1,1,1,1,1,1,1,1,0]]"
"1","metazoa-aa-1.fas#0","metazoa-aa-1.fas#0","AlignedWide","active","1.0","prealigned","-,A,C,D,E,F,G,H,I,K,L,M,N,P,Q,R,S,T,V,W,Y","[[0],[1,0],[1,1,0],[1,1,1,0],[1,1,1,1,0],[1,1,1,1,1,0],[1,1,1,1,1,1,0],[1,1,1,1,1,1,1,0],[1,1,1,1,1,1,1,1,0],[1,1,1,1,1,1,1,1,1,0],[1,1,1,1,1,1,1,1,1,1,0],[1,1,1,1,1,1,1,1,1,1,1,0],[1,1,1,1,1,1,1,1,1,1,1,1,0],[1,1,1,1,1,1,1,1,1,1,1,1,1,0],[1,1,1,1,1,1,1,1,1,1,1,1,1,1,0],[1,1,1,1,1,1,1,1,1,1,1,1,1,1,1,0],[1,1,1,1,1,1,1,1,1,1,1,1,1,1,1,1,0],[1,1,1,1,1,1,1,1,1,1,1,1,1,1,1,1,1,0],[1,1,1,1,1,1,1,1,1,1,1,1,1,1,1,1,1,1,0],[1,1,1,1,1,1,1,1,1,1,1,1,1,1,1,1,1,1,1,0],[1,1,1,1,1,1,1,1,1,1,1,1,1,1,1,1,1,1,1,1,0]]"
